// Jest Snapshot v1, https://goo.gl/fbAQLP

exports[`Controls component renders Controls 1`] = `
<section
  className="Controls"
>
  <button
    key="DO_STUFF"
  >
    stuff
     
  </button>
  <button
    key="other"
  >
    other
     
  </button>
</section>
`;
